  72
 Etot=        -125.0334994466
 C          0.3294717986        3.8083547477       -0.5867792224
 H         -0.5097351901        4.2878472751       -0.0699519101
 O          1.1993474867        4.7293451770       -1.1423648910
 H          0.7246791702        5.2548250402       -1.7932113292
 C         -0.9995621561        1.9132352756       -1.2805167958
 H         -1.0737070907        1.3101471690       -2.1848825740
 O         -0.1345772935        2.9887188710       -1.6447309304
 C          1.1092252900        2.9893412290        0.4331559064
 H          1.3817885330        3.6237318089        1.2798428939
 N          2.3157709043        2.5087849778       -0.2279149244
 H          2.3648341106        2.6791120588       -1.2248134492
 C          3.2583671144        1.8026996967        0.3213596653
 O          3.2309395888        1.6314466557        1.5963365258
 C          4.3394480271        1.2151398489       -0.5065745230
 H          5.3118960312        1.5116057867       -0.1059115078
 H          4.2678599706        1.5248892233       -1.5487078114
 H          4.2600667465        0.1239081624       -0.4483081703
 C          0.2241752275        1.8394826848        0.9380113693
 H          0.8174557127        1.1806573329        1.5726706799
 O         -0.8022190980        2.4460693409        1.6899583729
 H         -1.6526621660        2.0490367175        1.4547424677
 C         -0.3457066408        1.0245547220       -0.2261991770
 H         -1.0872374791        0.3210088588        0.1574971890
 O          0.6684076917        0.2784383077       -0.9011263955
 C         -2.4086257407        2.4338168326       -0.9103457778
 H         -3.0560975932        2.4038529413       -1.7907639559
 H         -2.3472318923        3.4688504435       -0.5727860790
 O         -3.0103497060        1.7191519544        0.1622971541
 C          0.9824813166       -0.9511670714       -0.3504400867
 H          0.0709700735       -1.4788600886       -0.0207296441
 C          2.2792846837       -1.9144536883        1.3994137832
 H          1.4134437254       -2.4855041651        1.7715522398
 O          1.8418696992       -0.7318934587        0.7571013813
 C          1.7309194048       -1.7450185498       -1.4091727262
 H          2.5960377032       -1.1438251317       -1.7211352495
 O          0.9207128281       -2.0732834212       -2.5098360852
 H          0.6489654157       -1.2589163000       -2.9419168241
 C          2.2267804622       -3.0557454358       -0.8248547579
 H          1.3525654957       -3.6747010064       -0.5730261167
 O          3.0766026340       -3.7303430364       -1.7209647768
 H          2.6308875817       -3.7970413618       -2.5713302938
 C          3.0404145148       -2.8175790412        0.4383295717
 H          3.2243222167       -3.7823470505        0.9288413428
 O          4.2829871992       -2.2050204604        0.1127746178
 H          4.6675250227       -2.7170156415       -0.6102043615
 C          3.0959795704       -1.4834487609        2.6067376511
 H          3.4717996936       -2.3655275310        3.1349033579
 H          2.4648370754       -0.9163583093        3.2925894356
 O          4.1847355579       -0.6276755052        2.2616326454
 H          4.6979557291       -1.0915950289        1.5801223947
 C         -3.7338832681        0.5716747380       -0.1901054637
 H         -4.6660054220        0.8596415893       -0.7067044796
 C         -3.4967306815       -1.4649571691       -1.3817077224
 H         -4.4961342697       -1.2975529560       -1.8139362858
 O         -2.9299882340       -0.1994020514       -1.0409605498
 C         -4.0337509679       -0.1567561641        1.1131841102
 H         -3.0813306730       -0.2624162999        1.6516033317
 O         -4.9920322555        0.5146265945        1.8952466657
 H         -4.6290359308        1.3508131109        2.1976397341
 C         -4.5786699754       -1.5486939002        0.8489818802
 H         -5.5831604077       -1.4559317926        0.4101792625
 O         -4.6238084254       -2.3011678870        2.0390311365
 H         -5.1141862009       -1.7971695765        2.6957664722
 C         -3.6827151184       -2.2992143282       -0.1239068586
 H         -4.1780077957       -3.2404903509       -0.3997322053
 O         -2.4210772296       -2.5587612021        0.4607429471
 H         -2.6077502265       -2.9396473743        1.3264343976
 C         -2.5982051008       -2.1065087167       -2.4096271524
 H         -3.0212683909       -3.0612276652       -2.7308097813
 H         -1.6052201066       -2.2921604468       -1.9984901127
 H         -2.5107731872       -1.4610690008       -3.2865663848
 H          3.7303674189        0.7870337313        1.8761397475
  72
 Etot=        -125.0594504981
 C          0.3236516434        3.8141308737       -0.5928050298
 H         -0.5184953254        4.2974922435       -0.0717222856
 O          1.1809253639        4.7491071145       -1.1455844756
 H          0.7093828098        5.2573884240       -1.8132579636
 C         -0.9950904558        1.9217413240       -1.2876110271
 H         -1.0679262537        1.3180064344       -2.1955213063
 O         -0.1569605973        3.0065517704       -1.6578270453
 C          1.1131135954        2.9921854120        0.4167446714
 H          1.3838248358        3.6190327443        1.2754087024
 N          2.2973400250        2.5507651119       -0.2579452405
 H          2.3278325576        2.6898165377       -1.2508604230
 C          3.2928649173        1.8180235946        0.3248322810
 O          3.2618237880        1.6633215860        1.6591956292
 C          4.3572163004        1.2025255928       -0.5061078183
 H          5.3422048435        1.4942920031       -0.1276141434
 H          4.2725282127        1.5182954966       -1.5432175901
 H          4.2950567114        0.1061454571       -0.4631660332
 C          0.2209242359        1.8500415802        0.9430103234
 H          0.8262120928        1.1896866785        1.5726677586
 O         -0.8099849741        2.4374636173        1.7128359713
 H         -1.6582021196        2.0490571833        1.4608116355
 C         -0.3396012160        1.0297039551       -0.2249157759
 H         -1.0825748716        0.3218052506        0.1600185847
 O          0.6612468464        0.2776615476       -0.9064651587
 C         -2.4099849396        2.4319471410       -0.9094230883
 H         -3.0573858802        2.4009621200       -1.7904200006
 H         -2.3467310431        3.4658082513       -0.5652167949
 O         -3.0221020182        1.7242604934        0.1600507348
 C          0.9874944155       -0.9445497507       -0.3470282251
 H          0.0764544726       -1.4863629078       -0.0226063219
 C          2.2730106887       -1.9127702916        1.4041168207
 H          1.4016779007       -2.4866852290        1.7662545359
 O          1.8319588529       -0.7346336437        0.7683870628
 C          1.7379939293       -1.7459084685       -1.4130748387
 H          2.6000677811       -1.1393009928       -1.7238870971
 O          0.9255630638       -2.0687536783       -2.5164594240
 H          0.6391616937       -1.2470893023       -2.9297427704
 C          2.2309719183       -3.0640049087       -0.8232587145
 H          1.3515728003       -3.6797345551       -0.5770438158
 O          3.0732680860       -3.7432398125       -1.7237985042
 H          2.6233908152       -3.7917825684       -2.5748348313
 C          3.0492038823       -2.8191242726        0.4441487094
 H          3.2319476694       -3.7879096852        0.9316831191
 O          4.2913742734       -2.2247699872        0.1164477290
 H          4.6569492770       -2.7221726463       -0.6276134360
 C          3.1038513801       -1.4932395867        2.6173647469
 H          3.4633647856       -2.3879056490        3.1377367271
 H          2.4765024934       -0.9095711050        3.2936006796
 O          4.2102986090       -0.6721164004        2.3019349196
 H          4.6862547627       -1.0982935858        1.5666319071
 C         -3.7309131698        0.5711829706       -0.1933687444
 H         -4.6732349574        0.8512871776       -0.7053848558
 C         -3.5002423403       -1.4613520436       -1.3893913242
 H         -4.5021471960       -1.2938443176       -1.8194263433
 O         -2.9383121969       -0.1991935714       -1.0529747902
 C         -4.0320857898       -0.1600586220        1.1192677997
 H         -3.0785345476       -0.2609126454        1.6586554860
 O         -4.9867637778        0.5142566100        1.9019918495
 H         -4.6261039907        1.3609970397        2.1852005397
 C         -4.5833856873       -1.5574279551        0.8499152988
 H         -5.5898535436       -1.4575751345        0.4152822391
 O         -4.6321568188       -2.3070467384        2.0401666761
 H         -5.1157385257       -1.7925725621        2.6964622360
 C         -3.6788743807       -2.3065850481       -0.1285985355
 H         -4.1706769594       -3.2529494217       -0.3980002636
 O         -2.4228431250       -2.5625349672        0.4576114479
 H         -2.6081618124       -2.9363518995        1.3290593430
 C         -2.5953778640       -2.1113656904       -2.4153537984
 H         -3.0201140385       -3.0627961011       -2.7299704804
 H         -1.6078478135       -2.2867432820       -1.9960448778
 H         -2.5047044548       -1.4622861351       -3.2835588341
 H          3.6993628659        0.7979678046        1.9163788496
  72
 Etot=        -125.0666210099
 C          0.3145947218        3.8277696704       -0.5901902739
 H         -0.5310376845        4.3081180882       -0.0626771217
 O          1.1488078570        4.7809385679       -1.1493207718
 H          0.6750330806        5.2549276702       -1.8437192826
 C         -0.9935403919        1.9318534458       -1.2910315988
 H         -1.0622626995        1.3299219689       -2.2029496051
 O         -0.1804688634        3.0276915962       -1.6593835104
 C          1.1286946106        2.9987604267        0.4019099216
 H          1.3919547522        3.6238041221        1.2678695620
 N          2.3015400141        2.5703403591       -0.2732895360
 H          2.3096685975        2.6563948045       -1.2726870947
 C          3.3237207297        1.8398399704        0.3298617863
 O          3.2830532003        1.7120247576        1.6957672749
 C          4.3730481920        1.1941058560       -0.4965601521
 H          5.3722339403        1.4737435686       -0.1432334783
 H          4.2750603587        1.5113358297       -1.5312794028
 H          4.3161787049        0.0965946880       -0.4647917804
 C          0.2320763283        1.8564295966        0.9394550909
 H          0.8491575749        1.2006803535        1.5661893370
 O         -0.7972825104        2.4253902313        1.7288313054
 H         -1.6480640279        2.0558825579        1.4555560933
 C         -0.3335747672        1.0340512113       -0.2263272449
 H         -1.0826758832        0.3285248917        0.1588598996
 O          0.6578047911        0.2744413008       -0.9084816279
 C         -2.4154408655        2.4297278063       -0.9086195337
 H         -3.0611630032        2.4023262642       -1.7911989072
 H         -2.3493835651        3.4608165737       -0.5551081394
 O         -3.0336911560        1.7232499420        0.1563439849
 C          0.9949817359       -0.9407066008       -0.3404175574
 H          0.0843325435       -1.4963052757       -0.0241539264
 C          2.2722587009       -1.9135287745        1.4072321336
 H          1.3990902000       -2.4919895140        1.7616873803
 O          1.8280339848       -0.7366410438        0.7796592906
 C          1.7495069077       -1.7439786083       -1.4132845921
 H          2.6115923267       -1.1364583063       -1.7229154885
 O          0.9347016897       -2.0548561050       -2.5191798100
 H          0.6208189718       -1.2238983340       -2.8992550980
 C          2.2331329035       -3.0711193500       -0.8231243998
 H          1.3488404471       -3.6808127509       -0.5793535530
 O          3.0661876739       -3.7563489179       -1.7284342367
 H          2.6118098107       -3.7830186583       -2.5795334240
 C          3.0558922611       -2.8252751388        0.4471843230
 H          3.2319775166       -3.7955818912        0.9382378067
 O          4.2973093450       -2.2473345390        0.1147976956
 H          4.6374969136       -2.7294561106       -0.6539784546
 C          3.1087210561       -1.5064544874        2.6301324271
 H          3.4387891525       -2.4190133170        3.1452281693
 H          2.4849086280       -0.9108997589        3.3000361373
 O          4.2233296297       -0.7094389284        2.3275529927
 H          4.6676486980       -1.1036992761        1.5513653564
 C         -3.7308326933        0.5657906851       -0.1961588586
 H         -4.6849741193        0.8362187448       -0.6998756942
 C         -3.5052953286       -1.4605288569       -1.3951947632
 H         -4.5091180888       -1.2976350824       -1.8253975050
 O         -2.9472431470       -0.2013484808       -1.0640789675
 C         -4.0281650859       -0.1675659809        1.1244149632
 H         -3.0734786451       -0.2671243306        1.6631769163
 O         -4.9759461873        0.5130104116        1.9080370685
 H         -4.6209847712        1.3760792618        2.1562726142
 C         -4.5885348314       -1.5667849674        0.8518744286
 H         -5.5950614024       -1.4590264712        0.4188709298
 O         -4.6430772274       -2.3160916248        2.0406954482
 H         -5.1163210286       -1.7897257883        2.6969960763
 C         -3.6783181478       -2.3139320613       -0.1319087276
 H         -4.1650935769       -3.2643491450       -0.4002691406
 O         -2.4252910282       -2.5637123681        0.4531173150
 H         -2.6071485661       -2.9281888609        1.3307381411
 C         -2.5932958588       -2.1141765154       -2.4198254096
 H         -3.0169826101       -3.0643769867       -2.7301089370
 H         -1.6113920788       -2.2817828843       -1.9886553039
 H         -2.4962334505       -1.4638255862       -3.2837496401
 H          3.6721172521        0.8376024337        1.9445236676
  72
 Etot=        -125.0693376176
 C          0.3077520035        3.8418009200       -0.5866371160
 H         -0.5376092875        4.3092521830       -0.0432895328
 O          1.1153253855        4.8131634057       -1.1550815004
 H          0.6351003480        5.2458070693       -1.8759404660
 C         -0.9922867505        1.9399759333       -1.2913550310
 H         -1.0569314820        1.3403609441       -2.2060345245
 O         -0.1973578383        3.0451427810       -1.6567065138
 C          1.1431841820        3.0102350458        0.3913078718
 H          1.4042008662        3.6350359789        1.2584776543
 N          2.3157936525        2.5893217438       -0.2834554597
 H          2.2902262628        2.6029339245       -1.2937552426
 C          3.3553270908        1.8725186928        0.3322230229
 O          3.3046613698        1.7634850011        1.7125001391
 C          4.3874831347        1.1930530377       -0.4877062313
 H          5.3972994689        1.4569998818       -0.1515441770
 H          4.2831774157        1.5042621679       -1.5239603524
 H          4.3190669285        0.0962872652       -0.4513250067
 C          0.2490798435        1.8610136571        0.9345129750
 H          0.8783372072        1.2099762952        1.5546928211
 O         -0.7761896898        2.4138651431        1.7416417072
 H         -1.6315600213        2.0700376598        1.4457310262
 C         -0.3254737069        1.0398210228       -0.2275408250
 H         -1.0795841434        0.3396420411        0.1601746675
 O          0.6594692972        0.2731941114       -0.9096708799
 C         -2.4201914778        2.4261065327       -0.9058678740
 H         -3.0634786476        2.4031959142       -1.7903324078
 H         -2.3548881251        3.4549553947       -0.5452078570
 O         -3.0405061129        1.7166875806        0.1548719838
 C          1.0018719332       -0.9377146252       -0.3347990629
 H          0.0915462857       -1.5009848584       -0.0250078637
 C          2.2694118866       -1.9182697859        1.4076867416
 H          1.3951714310       -2.4999708611        1.7555568388
 O          1.8284004412       -0.7377669299        0.7871354139
 C          1.7592032939       -1.7402128214       -1.4106750778
 H          2.6260781979       -1.1367560882       -1.7157132063
 O          0.9428602487       -2.0332707681       -2.5197903688
 H          0.5990464618       -1.1934639744       -2.8600545971
 C          2.2299141664       -3.0752955665       -0.8240621781
 H          1.3410686308       -3.6778326586       -0.5812694120
 O          3.0550612334       -3.7650249671       -1.7336364920
 H          2.5981005014       -3.7731617881       -2.5843566932
 C          3.0563138148       -2.8326095845        0.4469647564
 H          3.2241320519       -3.8027612197        0.9434313719
 O          4.2982990791       -2.2662179018        0.1091568871
 H          4.6162702304       -2.7375919024       -0.6773769917
 C          3.1049341368       -1.5208791033        2.6385195315
 H          3.4102347396       -2.4454415317        3.1521902313
 H          2.4830137050       -0.9210610471        3.3066644099
 O          4.2235358130       -0.7383370175        2.3401183487
 H          4.6541160729       -1.1159175663        1.5525142631
 C         -3.7318703349        0.5572212900       -0.1970929489
 H         -4.6950338656        0.8203293397       -0.6918980004
 C         -3.5099166785       -1.4634026327       -1.3990920625
 H         -4.5147125329       -1.3066235430       -1.8308172452
 O         -2.9541818481       -0.2055852243       -1.0718055265
 C         -4.0230705268       -0.1776241021        1.1271576149
 H         -3.0668195815       -0.2805693249        1.6629828394
 O         -4.9622835159        0.5111846294        1.9122661721
 H         -4.6137700616        1.3897779370        2.1208182834
 C         -4.5924270885       -1.5749236267        0.8525290412
 H         -5.5978356815       -1.4604581994        0.4189427430
 O         -4.6522557359       -2.3259076252        2.0392499471
 H         -5.1155269468       -1.7910822150        2.6965054450
 C         -3.6796498722       -2.3201135550       -0.1341020033
 H         -4.1626705282       -3.2724743908       -0.4041053073
 O         -2.4269126434       -2.5636567844        0.4494342615
 H         -2.6050609170       -2.9192631767        1.3318987339
 C         -2.5914965574       -2.1181334374       -2.4207440669
 H         -3.0121159928       -3.0685025314       -2.7314506834
 H         -1.6138008983       -2.2815758168       -1.9791962190
 H         -2.4881817789       -1.4673717236       -3.2831920887
 H          3.6563145698        0.8825619304        1.9605643364
  72
 Etot=        -125.0711937523
 C          0.3019496820        3.8550340061       -0.5840377562
 H         -0.5420378518        4.3042157514       -0.0209338246
 O          1.0802351978        4.8447055390       -1.1615782691
 H          0.5925622053        5.2329438760       -1.9050081949
 C         -0.9900194559        1.9466017250       -1.2904289314
 H         -1.0511649154        1.3487590869       -2.2066608927
 O         -0.2093419612        3.0599634770       -1.6535193258
 C          1.1568768238        3.0250578542        0.3814427738
 H          1.4203850671        3.6484203130        1.2468556322
 N          2.3368866895        2.6164808309       -0.2929049088
 H          2.2683051813        2.5404877281       -1.3088769130
 C          3.3901856190        1.9210446776        0.3316538644
 O          3.3239416979        1.8156271562        1.7157128167
 C          4.4002850541        1.1982977518       -0.4797326915
 H          5.4182892866        1.4414335994       -0.1545970335
 H          4.2979828086        1.4974727876       -1.5200351348
 H          4.3063641940        0.1033024895       -0.4272142483
 C          0.2692048335        1.8669361533        0.9287091015
 H          0.9117960506        1.2202023725        1.5390157740
 O         -0.7507246645        2.4027885821        1.7541071744
 H         -1.6111257255        2.0901433132        1.4358303981
 C         -0.3156553852        1.0472891101       -0.2280297545
 H         -1.0721762493        0.3522590915        0.1646050660
 O          0.6642761955        0.2749479418       -0.9110614481
 C         -2.4227392516        2.4216587654       -0.9020176632
 H         -3.0638652906        2.4015732138       -1.7880133744
 H         -2.3609449194        3.4491373529       -0.5363494940
 O         -3.0416987790        1.7069715686        0.1552826981
 C          1.0082040633       -0.9334649260       -0.3301983445
 H          0.0976491890       -1.4991300073       -0.0247057334
 C          2.2634214997       -1.9245192504        1.4071399193
 H          1.3859758266       -2.5062733175        1.7465648760
 O          1.8307595979       -0.7372536149        0.7926123988
 C          1.7652424535       -1.7353758169       -1.4069108867
 H          2.6410356253       -1.1401046586       -1.7045773240
 O          0.9475696611       -2.0056253476       -2.5199396849
 H          0.5810032889       -1.1593152819       -2.8203772526
 C          2.2200360865       -3.0781748937       -0.8257028584
 H          1.3264132038       -3.6728630389       -0.5835395117
 O          3.0377300498       -3.7720087848       -1.7391628745
 H          2.5805991979       -3.7633345923       -2.5897444883
 C          3.0497523623       -2.8407095122        0.4448814174
 H          3.2107841599       -3.8101022146        0.9459432016
 O          4.2931460174       -2.2835845338        0.1012945374
 H          4.5928506323       -2.7483664213       -0.6958533895
 C          3.0958496406       -1.5377957188        2.6448799913
 H          3.3825662740       -2.4701901601        3.1572388570
 H          2.4750990415       -0.9374478586        3.3138821479
 O          4.2186625828       -0.7650901271        2.3521458308
 H          4.6409374716       -1.1308899506        1.5596970020
 C         -3.7308216592        0.5467424609       -0.1970566481
 H         -4.7000885604        0.8055550065       -0.6837486825
 C         -3.5121896387       -1.4694724945       -1.4020152647
 H         -4.5170046423       -1.3178413108       -1.8361216865
 O         -2.9576458228       -0.2116215617       -1.0778154452
 C         -4.0166385533       -0.1891295264        1.1279904535
 H         -3.0588584517       -0.2989158270        1.6601517799
 O         -4.9461559631        0.5094281482        1.9150012365
 H         -4.6025366021        1.3980867481        2.0869251196
 C         -4.5950281026       -1.5824749472        0.8517487625
 H         -5.5988373721       -1.4622258555        0.4163293316
 O         -4.6603994688       -2.3359653238        2.0362627599
 H         -5.1144692459       -1.7954076599        2.6951581552
 C         -3.6810621832       -2.3263878661       -0.1356108340
 H         -4.1610120326       -3.2799887578       -0.4070729267
 O         -2.4277165783       -2.5646767819        0.4474281588
 H         -2.6031643263       -2.9120573133        1.3336077450
 C         -2.5884408053       -2.1251162082       -2.4192570792
 H         -3.0060068160       -3.0758173823       -2.7327657399
 H         -1.6145001831       -2.2873105292       -1.9690015671
 H         -2.4786548813       -1.4743839501       -3.2811536555
 H          3.6426443381        0.9282408237        1.9660057433
  72
 Etot=        -125.0730273391
 C          0.2963130932        3.8681007581       -0.5832002566
 H         -0.5463078670        4.2955071134        0.0004112228
 O          1.0426701967        4.8765362516       -1.1681638770
 H          0.5492810214        5.2188379327       -1.9295343966
 C         -0.9865239947        1.9521567758       -1.2891702885
 H         -1.0447396668        1.3552479891       -2.2058818111
 O         -0.2172275835        3.0728012733       -1.6509816814
 C          1.1695250795        3.0426351110        0.3704559530
 H          1.4392100327        3.6627178739        1.2330545042
 N          2.3613324737        2.6519424938       -0.3056149374
 H          2.2524141979        2.4866320146       -1.3112880886
 C          3.4281887082        1.9885765420        0.3273054770
 O          3.3341725016        1.8642079818        1.7059263187
 C          4.4100729829        1.2100663448       -0.4716045517
 H          5.4346345751        1.4244831914       -0.1514799678
 H          4.3184610367        1.4919092582       -1.5180381145
 H          4.2761766785        0.1185259223       -0.3935887152
 C          0.2924068523        1.8745018919        0.9213391064
 H          0.9488606563        1.2317714969        1.5197256128
 O         -0.7204121520        2.3922861444        1.7661124178
 H         -1.5858418739        2.1167857150        1.4273495621
 C         -0.3040723312        1.0562707996       -0.2285652294
 H         -1.0602205096        0.3653513638        0.1711647744
 O          0.6722405302        0.2796413661       -0.9128893766
 C         -2.4230209779        2.4163400779       -0.8979559108
 H         -3.0630156900        2.3965082106       -1.7846078928
 H         -2.3670580552        3.4433890545       -0.5295705726
 O         -3.0367795822        1.6948679231        0.1573043562
 C          1.0144541170       -0.9278119997       -0.3268093405
 H          0.1026553340       -1.4909937469       -0.0232117716
 C          2.2545095489       -1.9318836551        1.4062976862
 H          1.3705721901       -2.5088444311        1.7354626914
 O          1.8354493272       -0.7354627356        0.7962001353
 C          1.7677825659       -1.7301372542       -1.4031031872
 H          2.6556962218       -1.1465371172       -1.6913616677
 O          0.9496255755       -1.9733583378       -2.5209982392
 H          0.5664418428       -1.1232015156       -2.7816878516
 C          2.2033733635       -3.0806819825       -0.8278752330
 H          1.3041845912       -3.6663461886       -0.5862409921
 O          3.0131829883       -3.7795758395       -1.7445913395
 H          2.5584612843       -3.7547546685       -2.5956437932
 C          3.0363312663       -2.8502117542        0.4417202282
 H          3.1922246235       -3.8188737028        0.9455370442
 O          4.2816589801       -2.3002062828        0.0929961977
 H          4.5664630495       -2.7602806050       -0.7106062620
 C          3.0826416294       -1.5588885320        2.6505968940
 H          3.3554125514       -2.4969608024        3.1602545973
 H          2.4627291343       -0.9597355170        3.3219751377
 O          4.2110533839       -0.7933693684        2.3663234363
 H          4.6267955598       -1.1487590157        1.5689691765
 C         -3.7262920577        0.5346191150       -0.1962431954
 H         -4.6987652690        0.7923418056       -0.6764795456
 C         -3.5109121236       -1.4788646924       -1.4037992833
 H         -4.5147894795       -1.3303660357       -1.8409860036
 O         -2.9565023981       -0.2198225197       -1.0820806094
 C         -4.0081071968       -0.2016623727        1.1277616670
 H         -3.0488721311       -0.3204939213        1.6558594784
 O         -4.9268249888        0.5074629122        1.9176399627
 H         -4.5872413491        1.4016210062        2.0554291543
 C         -4.5957585534       -1.5897011202        0.8501164356
 H         -5.5976685999       -1.4643019327        0.4119300798
 O         -4.6675346278       -2.3458886270        2.0325629500
 H         -5.1133969952       -1.8017499758        2.6935172247
 C         -3.6814380064       -2.3334859147       -0.1360597897
 H         -4.1589438899       -3.2879645387       -0.4081249231
 O         -2.4273936525       -2.5681585462        0.4479957267
 H         -2.6018994944       -2.9082941060        1.3367156140
 C         -2.5831007423       -2.1360389533       -2.4155917037
 H         -2.9988977208       -3.0866505708       -2.7329685463
 H         -1.6126467570       -2.2997911804       -1.9583581161
 H         -2.4663569242       -1.4858165013       -3.2774007298
 H          3.6256360074        0.9726788291        1.9591199563
  72
 Etot=        -125.0747376090
 C          0.2913699492        3.8790479211       -0.5837126025
 H         -0.5513013021        4.2865614083        0.0138061963
 O          1.0095990520        4.9032541682       -1.1715617989
 H          0.5174395756        5.2037489181       -1.9476338713
 C         -0.9814467751        1.9557733139       -1.2872333834
 H         -1.0377364586        1.3584772248       -2.2032904850
 O         -0.2184929301        3.0811802111       -1.6494833662
 C          1.1789751293        3.0611305269        0.3610581232
 H          1.4571594606        3.6784281650        1.2203012343
 N          2.3787843836        2.6841627362       -0.3227078172
 H          2.2443906673        2.4500141022       -1.3011493611
 C          3.4619762509        2.0672419077        0.3203528915
 O          3.3323442738        1.9025346851        1.6859464675
 C          4.4109672536        1.2270787274       -0.4636881170
 H          5.4396229535        1.4082402028       -0.1418269710
 H          4.3367654687        1.4870979475       -1.5175502227
 H          4.2279883417        0.1426807813       -0.3541491537
 C          0.3156208028        1.8842103423        0.9146876231
 H          0.9829564828        1.2438843763        1.5018117923
 O         -0.6894819799        2.3863579711        1.7759911674
 H         -1.5585063811        2.1478145048        1.4235798177
 C         -0.2915682197        1.0658774252       -0.2281504734
 H         -1.0440548582        0.3764978276        0.1796792353
 O          0.6828157084        0.2873816730       -0.9143629330
 C         -2.4199788983        2.4110068173       -0.8943369682
 H         -3.0606431101        2.3872840704       -1.7802803949
 H         -2.3716071148        3.4390140360       -0.5269564874
 O         -3.0250429169        1.6829849054        0.1612491064
 C          1.0194855346       -0.9216939872       -0.3264846379
 H          0.1050066588       -1.4775799663       -0.0217397822
 C          2.2433705636       -1.9397125971        1.4051186490
 H          1.3498380993       -2.5062005931        1.7243875932
 O          1.8419558522       -0.7337624497        0.7962887760
 C          1.7665779693       -1.7255432781       -1.4017975671
 H          2.6664029632       -1.1538159268       -1.6800075758
 O          0.9511352703       -1.9431692531       -2.5259310127
 H          0.5518439875       -1.0917999414       -2.7487941455
 C          2.1828321553       -3.0824858010       -0.8312244036
 H          1.2776287568       -3.6589573126       -0.5902874985
 O          2.9854889743       -3.7876359673       -1.7491806624
 H          2.5360698089       -3.7499259691       -2.6018336507
 C          3.0176370987       -2.8601576006        0.4379860064
 H          3.1709491648       -3.8291852401        0.9405207084
 O          4.2650892685       -2.3130264452        0.0877373621
 H          4.5422503140       -2.7695170207       -0.7186307155
 C          3.0668166233       -1.5814700753        2.6544448966
 H          3.3334839413       -2.5225707295        3.1596034172
 H          2.4472478438       -0.9845661766        3.3288092207
 O          4.2010866934       -0.8190442257        2.3801380765
 H          4.6149837222       -1.1679907828        1.5799248513
 C         -3.7172614932        0.5233355693       -0.1944215575
 H         -4.6888809060        0.7840707396       -0.6724188056
 C         -3.5043151403       -1.4900404534       -1.4037355795
 H         -4.5063305492       -1.3407698594       -1.8440819318
 O         -2.9486647481       -0.2291737975       -1.0826770542
 C         -3.9977379529       -0.2129179982        1.1272748226
 H         -3.0371955466       -0.3401919236        1.6513357356
 O         -4.9065736677        0.5041128103        1.9217656484
 H         -4.5721221622        1.4019507921        2.0293764594
 C         -4.5931152933       -1.5956004000        0.8481650468
 H         -5.5932198785       -1.4662209211        0.4068432212
 O         -4.6715012397       -2.3540562782        2.0290140016
 H         -5.1121509253       -1.8091358643        2.6920223774
 C         -3.6793483808       -2.3408874188       -0.1353227380
 H         -4.1562443982       -3.2954200439       -0.4069437024
 O         -2.4252909783       -2.5757625000        0.4515094950
 H         -2.6018293882       -2.9118283046        1.3407778657
 C         -2.5750278329       -2.1495579602       -2.4106216924
 H         -2.9920001148       -3.0990694660       -2.7315996277
 H         -1.6070273230       -2.3180229418       -1.9500137777
 H         -2.4520464773       -1.5001086455       -3.2724785508
 H          3.6065208351        1.0075352863        1.9395661778
  72
 Etot=        -125.0757211177
 C          0.2872926555        3.8881792906       -0.5829635993
 H         -0.5589860554        4.2820374418        0.0174470014
 O          0.9862761344        4.9243427222       -1.1688428858
 H          0.5051590919        5.1867699067       -1.9655205007
 C         -0.9742210812        1.9589777780       -1.2834491597
 H         -1.0290669588        1.3596011907       -2.1981177793
 O         -0.2137770000        3.0863074118       -1.6481883696
 C          1.1859983072        3.0791946890        0.3564174822
 H          1.4729648383        3.6983839066        1.2106475850
 N          2.3818827717        2.7024766638       -0.3400482955
 H          2.2145075724        2.3816238386       -1.2997842202
 C          3.4867037703        2.1411433403        0.3172465917
 O          3.3307411900        1.9374718069        1.6711870397
 C          4.4009910524        1.2445687216       -0.4550071509
 H          5.4331088622        1.3931345573       -0.1298990737
 H          4.3430171276        1.4825750316       -1.5152187592
 H          4.1702550648        0.1722097975       -0.3169467987
 C          0.3360705957        1.8971269631        0.9140737446
 H          1.0100498985        1.2563849803        1.4923041113
 O         -0.6628352551        2.3871020461        1.7878740775
 H         -1.5345984548        2.1820258559        1.4243797778
 C         -0.2784845564        1.0766896053       -0.2241204829
 H         -1.0254845304        0.3860610524        0.1910580413
 O          0.6938642175        0.2982406368       -0.9138771654
 C         -2.4136560573        2.4073096091       -0.8908129580
 H         -3.0562312262        2.3757058918       -1.7751935292
 H         -2.3733123700        3.4373040124       -0.5274136490
 O         -3.0092356721        1.6746561948        0.1667901123
 C          1.0222330287       -0.9148719630       -0.3294159458
 H          0.1037528672       -1.4619513865       -0.0223162732
 C          2.2309644149       -1.9464330652        1.4032802679
 H          1.3272140011       -2.4999292125        1.7154182830
 O          1.8474241394       -0.7332975447        0.7934405311
 C          1.7626554920       -1.7212129857       -1.4048751672
 H          2.6708655656       -1.1586219172       -1.6751924838
 O          0.9515661178       -1.9202911248       -2.5348834052
 H          0.5390815452       -1.0702281556       -2.7300232199
 C          2.1626629687       -3.0831059662       -0.8363955316
 H          1.2511891828       -3.6509528359       -0.5967792896
 O          2.9595052862       -3.7957108181       -1.7532255611
 H          2.5170090450       -3.7482289324       -2.6089283177
 C          2.9975951759       -2.8689398524        0.4340796642
 H          3.1493795091       -3.8405042186        0.9309904602
 O          4.2470921335       -2.3213913045        0.0877056537
 H          4.5251570488       -2.7748694406       -0.7194986929
 C          3.0511620738       -1.5999099458        2.6555493177
 H          3.3195412816       -2.5429986732        3.1541904107
 H          2.4308993633       -1.0066121350        3.3326809090
 O          4.1877598229       -0.8350377838        2.3898279045
 H          4.6062450674       -1.1827295826        1.5904095730
 C         -3.7032388941        0.5153070274       -0.1919321274
 H         -4.6712020735        0.7811114171       -0.6729746110
 C         -3.4917717101       -1.4994187130       -1.4024363536
 H         -4.4914912777       -1.3450326455       -1.8454746715
 O         -2.9333181401       -0.2379533235       -1.0790530249
 C         -3.9859954346       -0.2214197189        1.1274481326
 H         -3.0247693419       -0.3541315679        1.6489133180
 O         -4.8886680671        0.4985124194        1.9267323870
 H         -4.5606185452        1.3997227487        2.0131544928
 C         -4.5868318040       -1.6003295034        0.8457910812
 H         -5.5853843251       -1.4673043579        0.4014691904
 O         -4.6717814704       -2.3605605991        2.0252365145
 H         -5.1104959450       -1.8162253055        2.6898075657
 C         -3.6736779225       -2.3483589910       -0.1349483745
 H         -4.1527393888       -3.3015798080       -0.4064173559
 O         -2.4214224898       -2.5885334229        0.4559433155
 H         -2.6030949158       -2.9249230392        1.3438535792
 C         -2.5637803005       -2.1623117963       -2.4068557451
 H         -2.9858462050       -3.1091045270       -2.7299417250
 H         -1.5973554639       -2.3380692223       -1.9459164542
 H         -2.4355348382       -1.5132123905       -3.2681097811
 H          3.5938020015        1.0354351993        1.9184233603
  72
 Etot=        -125.0761715059
 C          0.2848083626        3.8929400309       -0.5842268743
 H         -0.5663271626        4.2830551117        0.0096573246
 O          0.9802376561        4.9324839767       -1.1646535743
 H          0.5178846011        5.1782180266       -1.9740797530
 C         -0.9685103878        1.9607931809       -1.2807451474
 H         -1.0227143468        1.3581044440       -2.1933663193
 O         -0.2055377560        3.0869007649       -1.6501249746
 C          1.1859605596        3.0877949174        0.3535535938
 H          1.4849140780        3.7100816719        1.2023013361
 N          2.3658154700        2.6909026950       -0.3560893488
 H          2.2090477803        2.3620946003       -1.2835652692
 C          3.4846536934        2.1750702734        0.3131766451
 O          3.3142611994        1.9378569636        1.6570151283
 C          4.3859158601        1.2636857780       -0.4489538719
 H          5.4144611300        1.3910263288       -0.1103141671
 H          4.3426498870        1.4916245551       -1.5108189495
 H          4.1255094745        0.2057131086       -0.3004463180
 C          0.3442922959        1.9086651882        0.9172163606
 H          1.0190140109        1.2655082248        1.4917888549
 O         -0.6506382036        2.3948778307        1.7957181416
 H         -1.5234377970        2.2108925449        1.4290310209
 C         -0.2708931374        1.0849216297       -0.2200161688
 H         -1.0118760161        0.3913150263        0.2003600334
 O          0.7019052860        0.3086318682       -0.9118448134
 C         -2.4070725363        2.4061945193       -0.8898210801
 H         -3.0524482951        2.3643505880       -1.7719706403
 H         -2.3734984330        3.4388743539       -0.5331278385
 O         -2.9937407967        1.6719845565        0.1717231950
 C          1.0210427192       -0.9100306478       -0.3351104752
 H          0.0986300463       -1.4490006301       -0.0253337237
 C          2.2200833205       -1.9507823672        1.4013995215
 H          1.3088269185       -2.4920811605        1.7121487660
 O          1.8500134165       -0.7348217117        0.7879012261
 C          1.7564172752       -1.7187812967       -1.4110910422
 H          2.6674686788       -1.1605348356       -1.6781442096
 O          0.9493790095       -1.9119307663       -2.5442743345
 H          0.5293777845       -1.0659858993       -2.7301496151
 C          2.1473997752       -3.0824068357       -0.8414569477
 H          1.2311529149       -3.6440878802       -0.6028078930
 O          2.9414742347       -3.8018764700       -1.7545955993
 H          2.5055239858       -3.7527342308       -2.6135280617
 C          2.9802738478       -2.8747949573        0.4313636502
 H          3.1315103810       -3.8501411487        0.9202534543
 O          4.2314695966       -2.3236987650        0.0923334864
 H          4.5207651594       -2.7782292430       -0.7106772635
 C          3.0396450370       -1.6094218014        2.6531934320
 H          3.3174787429       -2.5522501616        3.1459115720
 H          2.4186309717       -1.0203164819        3.3329677403
 O          4.1745519733       -0.8367580007        2.3904168067
 H          4.6055078062       -1.1937367499        1.6000802818
 C         -3.6878301788        0.5120541647       -0.1890303806
 H         -4.6500388785        0.7824589396       -0.6783202280
 C         -3.4759690912       -1.5055609605       -1.3984103981
 H         -4.4734251759       -1.3429968501       -1.8431972166
 O         -2.9130974159       -0.2449583829       -1.0703093825
 C         -3.9755802202       -0.2244039722        1.1286390391
 H         -3.0145227641       -0.3580076535        1.6497951505
 O         -4.8780319346        0.4934236759        1.9303236393
 H         -4.5554693830        1.3957456544        2.0124891803
 C         -4.5778289348       -1.6020545841        0.8451224488
 H         -5.5754145613       -1.4670345445        0.3986787652
 O         -4.6672680868       -2.3623839448        2.0241917094
 H         -5.1079799599       -1.8197417496        2.6891283116
 C         -3.6658843140       -2.3540467334       -0.1331252034
 H         -4.1498158974       -3.3046037643       -0.4050096519
 O         -2.4164819252       -2.6033765930        0.4619359980
 H         -2.6050345425       -2.9440128258        1.3470736243
 C         -2.5519911942       -2.1720781140       -2.4032579455
 H         -2.9816120921       -3.1155641049       -2.7264757230
 H         -1.5856958085       -2.3561951043       -1.9451186897
 H         -2.4206278227       -1.5234514586       -3.2641716424
 H          3.5930726213        1.0380241673        1.8936442848
  72
 Etot=        -125.0766784781
 C          0.2835311309        3.8973176484       -0.5843741696
 H         -0.5701081701        4.2869158848        0.0078871283
 O          0.9795922864        4.9388664977       -1.1631743327
 H          0.5271195842        5.1773549857       -1.9817884247
 C         -0.9663215042        1.9639932705       -1.2795118988
 H         -1.0191973111        1.3594964353       -2.1913218750
 O         -0.2049419356        3.0904924811       -1.6510890992
 C          1.1868178306        3.0915160898        0.3521710791
 H          1.4908543337        3.7170861261        1.1967803678
 N          2.3599317537        2.6857280809       -0.3585232296
 H          2.1860826657        2.3154959646       -1.2879302334
 C          3.4822111130        2.1810028563        0.3156880005
 O          3.3166503675        1.9470472629        1.6621405617
 C          4.3806314911        1.2652975518       -0.4454730462
 H          5.4104915823        1.3818644515       -0.1043018224
 H          4.3418189462        1.4956246597       -1.5062586592
 H          4.1066397334        0.2121393831       -0.2997259007
 C          0.3453430727        1.9148715383        0.9210053973
 H          1.0215185049        1.2721819597        1.4954369455
 O         -0.6496539899        2.3980196588        1.8019052722
 H         -1.5231084840        2.2231090122        1.4288852390
 C         -0.2685663784        1.0895346563       -0.2171429255
 H         -1.0089934144        0.3957921954        0.2040963333
 O          0.7033429331        0.3132675461       -0.9100314760
 C         -2.4056028700        2.4068872567       -0.8893600960
 H         -3.0512436729        2.3613331317       -1.7711361739
 H         -2.3745639284        3.4402987164       -0.5346296631
 O         -2.9899152207        1.6724715857        0.1732199606
 C          1.0196039661       -0.9074091554       -0.3374620370
 H          0.0959880989       -1.4462100529       -0.0295839290
 C          2.2145826266       -1.9515639726        1.3998322354
 H          1.3025677201       -2.4912347590        1.7110764067
 O          1.8476740585       -0.7356935308        0.7864240867
 C          1.7546820509       -1.7163568893       -1.4149677485
 H          2.6660512795       -1.1587618548       -1.6817014612
 O          0.9480323404       -1.9089600173       -2.5489333625
 H          0.5205666123       -1.0628106535       -2.7308313439
 C          2.1425166506       -3.0813360922       -0.8447010041
 H          1.2241036061       -3.6401452310       -0.6069193456
 O          2.9354104970       -3.8036980036       -1.7563931013
 H          2.5002573022       -3.7544842500       -2.6159390719
 C          2.9742911418       -2.8762493496        0.4297597080
 H          3.1228258439       -3.8533457338        0.9165707832
 O          4.2263686581       -2.3260590187        0.0940698995
 H          4.5211116483       -2.7831129824       -0.7059532806
 C          3.0354729998       -1.6097956142        2.6515504742
 H          3.3169707080       -2.5537007552        3.1413425512
 H          2.4138879807       -1.0241243740        3.3332593822
 O          4.1655515371       -0.8319398242        2.3872503060
 H          4.6027702503       -1.1935254656        1.6020797763
 C         -3.6798424791        0.5105130994       -0.1875190500
 H         -4.6412755868        0.7788348654       -0.6806109751
 C         -3.4672148344       -1.5061346085       -1.3965804502
 H         -4.4638973834       -1.3401780211       -1.8421642322
 O         -2.9020827767       -0.2476993317       -1.0655055427
 C         -3.9699685711       -0.2260381156        1.1303358220
 H         -3.0094498522       -0.3592161241        1.6526466517
 O         -4.8742182332        0.4904819353        1.9309088106
 H         -4.5532607275        1.3939897337        2.0147833687
 C         -4.5728656452       -1.6038433776        0.8452130925
 H         -5.5697495865       -1.4668514933        0.3977094502
 O         -4.6646872528       -2.3643714412        2.0237103137
 H         -5.1059925606       -1.8209708196        2.6880445423
 C         -3.6609025615       -2.3569941169       -0.1330407532
 H         -4.1476094071       -3.3056122785       -0.4073836715
 O         -2.4136797259       -2.6112310491        0.4634806244
 H         -2.6050418663       -2.9545614879        1.3472883667
 C         -2.5446781926       -2.1745633935       -2.4024098070
 H         -2.9779513371       -3.1161225586       -2.7257887183
 H         -1.5791494982       -2.3623202829       -1.9440357532
 H         -2.4109721185       -1.5257053689       -3.2626937100
 H          3.5975746818        1.0455009068        1.8931114250
  72
 Etot=        -125.0769648125
 C          0.2830847910        3.9015456845       -0.5851620681
 H         -0.5717662319        4.2940930728        0.0049956979
 O          0.9846648464        4.9427620306       -1.1618889095
 H          0.5439891047        5.1780074786       -1.9901080814
 C         -0.9663129392        1.9683277536       -1.2794215500
 H         -1.0175087808        1.3623514587       -2.1906109074
 O         -0.2063506885        3.0950689447       -1.6525825388
 C          1.1853892989        3.0924666158        0.3515325362
 H          1.4942962274        3.7209380701        1.1921229415
 N          2.3534953089        2.6768849461       -0.3568445175
 H          2.1748206034        2.2935329108       -1.2841891589
 C          3.4735099334        2.1724207255        0.3188234118
 O          3.3179431483        1.9489064543        1.6711105425
 C          4.3769309671        1.2606323968       -0.4437087526
 H          5.4063613790        1.3686097374       -0.0965356993
 H          4.3448164267        1.5024684338       -1.5018759463
 H          4.0930728139        0.2093415309       -0.3102749332
 C          0.3403901073        1.9200855578        0.9249777893
 H          1.0166263600        1.2795080286        1.5025650180
 O         -0.6570712133        2.4021907595        1.8040907760
 H         -1.5291770789        2.2293618459        1.4275045204
 C         -0.2700615722        1.0934340221       -0.2151998573
 H         -1.0114558906        0.4001611770        0.2047278684
 O          0.7016838286        0.3172828953       -0.9080566359
 C         -2.4065869427        2.4090490515       -0.8901704085
 H         -3.0520755459        2.3606860655       -1.7718164043
 H         -2.3774327692        3.4429252923       -0.5370089366
 O         -2.9896253414        1.6750574203        0.1734119538
 C          1.0157709450       -0.9048496395       -0.3394216127
 H          0.0916230236       -1.4452872905       -0.0348447348
 C          2.2090771711       -1.9505831759        1.3979724695
 H          1.2988195115       -2.4916606700        1.7117536021
 O          1.8421567153       -0.7361286476        0.7852255745
 C          1.7509865612       -1.7139273271       -1.4184755929
 H          2.6617813040       -1.1570221859       -1.6883303054
 O          0.9411221226       -1.9105719636       -2.5498661350
 H          0.5230035373       -1.0667862376       -2.7455231746
 C          2.1384819211       -3.0793807460       -0.8472691325
 H          1.2187679688       -3.6361659665       -0.6101008834
 O          2.9308809362       -3.8037511968       -1.7576383909
 H          2.4947530141       -3.7570747656       -2.6170296317
 C          2.9693791909       -2.8761688154        0.4284623826
 H          3.1138986838       -3.8546440057        0.9144395137
 O          4.2227585094       -2.3286789204        0.0959442600
 H          4.5238565988       -2.7909976254       -0.6995140540
 C          3.0331880006       -1.6054864744        2.6484293266
 H          3.3206221335       -2.5497420403        3.1354546249
 H          2.4111265081       -1.0245950539        3.3332087303
 O          4.1552447247       -0.8200383767        2.3790442108
 H          4.5997367821       -1.1887121902        1.6004741885
 C         -3.6721919540        0.5093248395       -0.1857296439
 H         -4.6337076551        0.7714370364       -0.6833459373
 C         -3.4570941806       -1.5052246095       -1.3936643818
 H         -4.4531129507       -1.3359358722       -1.8398907974
 O         -2.8895685890       -0.2499921205       -1.0588641789
 C         -3.9644090073       -0.2267471281        1.1328949004
 H         -3.0049158106       -0.3582890169        1.6576054384
 O         -4.8727613457        0.4875755077        1.9303719309
 H         -4.5507691137        1.3902438179        2.0245920494
 C         -4.5665644771       -1.6055401336        0.8465357772
 H         -5.5628427989       -1.4670214916        0.3983398272
 O         -4.6597499996       -2.3658900920        2.0246381928
 H         -5.1024175587       -1.8215584126        2.6876153319
 C         -3.6547319866       -2.3595051469       -0.1323416764
 H         -4.1448727630       -3.3054854853       -0.4105892372
 O         -2.4099545190       -2.6194996792        0.4649991781
 H         -2.6036411537       -2.9661442360        1.3473067809
 C         -2.5359495764       -2.1752956251       -2.4008829359
 H         -2.9726305194       -3.1148712052       -2.7247829897
 H         -1.5712902843       -2.3665619535       -1.9420425397
 H         -2.3998612988       -1.5259894164       -3.2604281017
 H          3.6050840401        1.0465193555        1.8976330140
  72
 Etot=        -125.0772073701
 C          0.2834912765        3.9084517476       -0.5879790211
 H         -0.5703624859        4.3062443056        0.0016081270
 O          0.9925725700        4.9481990786       -1.1623852600
 H          0.5715924182        5.1814356553       -1.9974816449
 C         -0.9669606497        1.9761309920       -1.2798429306
 H         -1.0152356341        1.3680724886       -2.1900272493
 O         -0.2102423771        3.1037975173       -1.6555801554
 C          1.1833978582        3.0947096575        0.3493215316
 H          1.5020850052        3.7274493951        1.1828883181
 N          2.3445144305        2.6634817289       -0.3577064117
 H          2.1570551996        2.2559480549       -1.2729800894
 C          3.4644259552        2.1678916851        0.3221613718
 O          3.3173675163        1.9530275233        1.6823638237
 C          4.3721197463        1.2545444095       -0.4393600007
 H          5.3972249415        1.3436595066       -0.0754988800
 H          4.3582085734        1.5169697926       -1.4937877599
 H          4.0673232903        0.2064548301       -0.3275194066
 C          0.3339797685        1.9283300410        0.9297209241
 H          1.0106714011        1.2911808145        1.5113363492
 O         -0.6661321526        2.4076961929        1.8073202984
 H         -1.5375966198        2.2487822622        1.4189131286
 C         -0.2720495019        1.1006049346       -0.2132810537
 H         -1.0146314987        0.4083623095        0.2050766793
 O          0.6992206072        0.3242624291       -0.9063436431
 C         -2.4091670505        2.4124965788       -0.8924052860
 H         -3.0543751828        2.3589736666       -1.7738958960
 H         -2.3841243574        3.4473652762       -0.5420947511
 O         -2.9892565887        1.6785415665        0.1729187887
 C          1.0084073197       -0.9011948400       -0.3444928958
 H          0.0827666731       -1.4434220901       -0.0465584688
 C          2.1966850413       -1.9497126848        1.3944604923
 H          1.2883729029       -2.4920577071        1.7117948969
 O          1.8307786695       -0.7370406044        0.7823991505
 C          1.7453909749       -1.7093007628       -1.4255776729
 H          2.6555685359       -1.1521609233       -1.6965235189
 O          0.9361447294       -1.9088358283       -2.5579206556
 H          0.5015211630       -1.0614033960       -2.7482861667
 C          2.1292174090       -3.0760954732       -0.8530912188
 H          1.2061952640       -3.6282312499       -0.6181675495
 O          2.9205150655       -3.8042531828       -1.7608523882
 H          2.4825299755       -3.7624667036       -2.6195638469
 C          2.9569268820       -2.8775827098        0.4259431906
 H          3.0931474145       -3.8581477554        0.9109362170
 O          4.2136460999       -2.3363902497        0.0997651186
 H          4.5243984728       -2.8082452217       -0.6875933199
 C          3.0265363271       -1.5993490177        2.6422996027
 H          3.3260734495       -2.5433041825        3.1239517624
 H          2.4032463336       -1.0278719184        3.3334102459
 O          4.1348415839       -0.7997850719        2.3645837750
 H          4.5923390479       -1.1805501507        1.5978468484
 C         -3.6580577390        0.5052981435       -0.1827838285
 H         -4.6196960809        0.7548532429       -0.6882819037
 C         -3.4373141328       -1.5056972517       -1.3882195413
 H         -4.4317001954       -1.3305383172       -1.8364005342
 O         -2.8659748390       -0.2555810442       -1.0469362978
 C         -3.9528278863       -0.2293448081        1.1371150476
 H         -2.9948838027       -0.3590373156        1.6652672768
 O         -4.8667482113        0.4822026019        1.9302206337
 H         -4.5416780717        1.3831415323        2.0402124020
 C         -4.5543015648       -1.6091433860        0.8488783531
 H         -5.5494407463       -1.4679370711        0.3992895172
 O         -4.6503018214       -2.3692293737        2.0263457213
 H         -5.0950132255       -1.8235608051        2.6870642606
 C         -3.6430509719       -2.3648768820       -0.1305164602
 H         -4.1393395776       -3.3060803752       -0.4154102947
 O         -2.4025822931       -2.6354741543        0.4687517038
 H         -2.6005455821       -2.9864234419        1.3487915125
 C         -2.5177687360       -2.1789323260       -2.3961638535
 H         -2.9600993126       -3.1149579389       -2.7221232341
 H         -1.5550595839       -2.3768187936       -1.9359180539
 H         -2.3763042943       -1.5288307250       -3.2542035307
 H          3.6170553866        1.0527017516        1.9035705925
  72
 Etot=        -125.0774119494
 C          0.2839345348        3.9142025483       -0.5877413400
 H         -0.5686971891        4.3138789622        0.0019219883
 O          0.9943664364        4.9544429811       -1.1600914965
 H          0.5885616096        5.1691416218       -2.0136432142
 C         -0.9675173154        1.9824318520       -1.2797671933
 H         -1.0138087335        1.3741534096       -2.1898607747
 O         -0.2122035402        3.1109758476       -1.6549292907
 C          1.1824668952        3.0986579764        0.3497194824
 H          1.5071959378        3.7323070922        1.1799068297
 N          2.3411249359        2.6584914209       -0.3590891935
 H          2.1451850386        2.2306910012       -1.2609501533
 C          3.4632159291        2.1731224999        0.3234537353
 O          3.3154605569        1.9566947202        1.6858525910
 C          4.3698255904        1.2544021904       -0.4350445940
 H          5.3890040730        1.3280673889       -0.0546852606
 H          4.3732394097        1.5305346510       -1.4871156809
 H          4.0512813897        0.2084298957       -0.3397841006
 C          0.3318531036        1.9340907056        0.9312776085
 H          1.0084188598        1.2985571349        1.5143797752
 O         -0.6697324461        2.4110809015        1.8075021600
 H         -1.5395921406        2.2630793831        1.4131563843
 C         -0.2729752913        1.1067434041       -0.2126083065
 H         -1.0156362128        0.4149527042        0.2052890459
 O          0.6973606184        0.3301250849       -0.9066822564
 C         -2.4112893656        2.4149973864       -0.8933831137
 H         -3.0563778091        2.3586478217       -1.7748501463
 H         -2.3896002542        3.4504108425       -0.5442298755
 O         -2.9889653586        1.6797681278        0.1726787945
 C          1.0020710830       -0.8972422375       -0.3470664253
 H          0.0747790748       -1.4379069351       -0.0520373002
 C          2.1867077410       -1.9490751480        1.3923985557
 H          1.2783546655       -2.4903044313        1.7118524337
 O          1.8228319576       -0.7361390368        0.7806171673
 C          1.7372054940       -1.7065652602       -1.4281683849
 H          2.6493810745       -1.1534847692       -1.7012766802
 O          0.9247688601       -1.9054558674       -2.5582939929
 H          0.5119769122       -1.0606557236       -2.7657303101
 C          2.1170865315       -3.0744365297       -0.8557272223
 H          1.1917558420       -3.6230523579       -0.6219714430
 O          2.9066855262       -3.8050929651       -1.7628314647
 H          2.4681790467       -3.7640004181       -2.6214798266
 C          2.9442366671       -2.8799104212        0.4243029733
 H          3.0744880672       -3.8613551116        0.9091116218
 O          4.2041517179       -2.3446709594        0.1014560030
 H          4.5177342249       -2.8219354013       -0.6819476785
 C          3.0208928415       -1.5966197226        2.6375141051
 H          3.3300693284       -2.5394604987        3.1149531835
 H          2.3970795376       -1.0315834698        3.3336110475
 O          4.1211434707       -0.7878522862        2.3544230868
 H          4.5850022079       -1.1744791747        1.5934419830
 C         -3.6489592815        0.5013620900       -0.1806966507
 H         -4.6105732651        0.7421010114       -0.6904544767
 C         -3.4233740669       -1.5075782362       -1.3849918931
 H         -4.4163028219       -1.3290582043       -1.8351431916
 O         -2.8505836870       -0.2597292090       -1.0396262037
 C         -3.9437846725       -0.2325186534        1.1395659876
 H         -2.9864392697       -0.3621040589        1.6687885695
 O         -4.8594066763        0.4779186505        1.9315950126
 H         -4.5301094898        1.3760307146        2.0516531298
 C         -4.5451678514       -1.6122488563        0.8501620818
 H         -5.5398179080       -1.4697428667        0.4000230613
 O         -4.6426126755       -2.3726933742        2.0271213204
 H         -5.0882181275       -1.8270459194        2.6870576396
 C         -3.6347830339       -2.3688971323       -0.1294101201
 H         -4.1345968963       -3.3071800120       -0.4180624610
 O         -2.3966594780       -2.6463101732        0.4711050742
 H         -2.5971360274       -2.9985827558        1.3500417008
 C         -2.5036935303       -2.1821753073       -2.3918161357
 H         -2.9487359101       -3.1159534062       -2.7206599688
 H         -1.5427526674       -2.3847067601       -1.9299306852
 H         -2.3576526294       -1.5312154426       -3.2484728171
 H          3.6234113433        1.0599230496        1.9070901777
  72
 Etot=        -125.0775628223
 C          0.2864565085        3.9161189652       -0.5886993936
 H         -0.5619429999        4.3191137206        0.0039419640
 O          0.9979599184        4.9532231592       -1.1633238435
 H          0.5957246498        5.1683273803       -2.0094654804
 C         -0.9698762262        1.9862794434       -1.2809249939
 H         -1.0156053408        1.3793006883       -2.1916779919
 O         -0.2153344307        3.1157797349       -1.6543062228
 C          1.1825306118        3.0997770359        0.3496874048
 H          1.5086822257        3.7320601453        1.1796312741
 N          2.3428908382        2.6562595957       -0.3595437705
 H          2.1403825269        2.2160071281       -1.2504798660
 C          3.4640214199        2.1727119209        0.3233004257
 O          3.3149728506        1.9583127860        1.6857129299
 C          4.3718595186        1.2554576971       -0.4319645823
 H          5.3843094807        1.3187477825       -0.0352091302
 H          4.3916108623        1.5429652089       -1.4812178547
 H          4.0490234197        0.2095538471       -0.3551925306
 C          0.3305588843        1.9358482541        0.9289405283
 H          1.0054151822        1.3000501057        1.5127787807
 O         -0.6719533179        2.4131052833        1.8029589435
 H         -1.5396597599        2.2711826130        1.4077393881
 C         -0.2751051081        1.1098986958       -0.2146365483
 H         -1.0176798785        0.4186454481        0.2035375072
 O          0.6936800930        0.3320523616       -0.9098266725
 C         -2.4144144064        2.4169866004       -0.8947195236
 H         -3.0593137132        2.3605847262       -1.7763738100
 H         -2.3939931865        3.4523077359       -0.5450295003
 O         -2.9913414829        1.6805135360        0.1711590527
 C          0.9955392566       -0.8959891988       -0.3490914514
 H          0.0668487295       -1.4341505994       -0.0554921526
 C          2.1792193878       -1.9477060886        1.3918398004
 H          1.2709663838       -2.4875795425        1.7139901927
 O          1.8147547538       -0.7348827523        0.7793588156
 C          1.7301736575       -1.7061539822       -1.4285567507
 H          2.6438404496       -1.1553898887       -1.7015497058
 O          0.9178249792       -1.9036373282       -2.5587368891
 H          0.5199296121       -1.0579195748       -2.7753532805
 C          2.1072044317       -3.0742216651       -0.8561535081
 H          1.1808094699       -3.6213319712       -0.6235469759
 O          2.8962298645       -3.8055452313       -1.7632543743
 H          2.4570616170       -3.7647391634       -2.6216349618
 C          2.9335322990       -2.8818605755        0.4244141006
 H          3.0590672556       -3.8629051498        0.9107179976
 O          4.1965579710       -2.3528132135        0.1028843895
 H          4.5075658401       -2.8325329238       -0.6796398359
 C          3.0168253024       -1.5927541347        2.6335682669
 H          3.3341607507       -2.5331126385        3.1090997043
 H          2.3933781720       -1.0309936799        3.3328490906
 O          4.1124958189       -0.7785628604        2.3456049789
 H          4.5763768075       -1.1656566402        1.5850527353
 C         -3.6457583479        0.4985656194       -0.1802021841
 H         -4.6077523945        0.7326469870       -0.6909250491
 C         -3.4148761426       -1.5098401895       -1.3837486704
 H         -4.4067492570       -1.3313370126       -1.8359100001
 O         -2.8437307141       -0.2615799342       -1.0369530264
 C         -3.9378047691       -0.2349738816        1.1403514288
 H         -2.9800655073       -0.3645659266        1.6686145580
 O         -4.8528307574        0.4750003955        1.9336547856
 H         -4.5174790154        1.3696501402        2.0619347354
 C         -4.5386038357       -1.6145484440        0.8509559314
 H         -5.5335790813       -1.4725729361        0.4014300171
 O         -4.6353057271       -2.3753363919        2.0279222847
 H         -5.0811348448       -1.8304358338        2.6880104771
 C         -3.6290371084       -2.3711578341       -0.1287910808
 H         -4.1298221415       -3.3083383441       -0.4186798221
 O         -2.3916012141       -2.6513813506        0.4721549430
 H         -2.5927343637       -3.0022830627        1.3512084066
 C         -2.4928993527       -2.1839442590       -2.3879196582
 H         -2.9372097316       -3.1170720847       -2.7197626791
 H         -1.5334555503       -2.3879606567       -1.9238649463
 H         -2.3434773191       -1.5322219384       -3.2434157296
 H          3.6264177377        1.0643501202        1.9135415961
  72
 Etot=        -125.0777591090
 C          0.2888078675        3.9220327877       -0.5852958142
 H         -0.5559315039        4.3256454052        0.0113783561
 O          0.9959792948        4.9596316471       -1.1620672178
 H          0.6072027777        5.1363655888       -2.0336149134
 C         -0.9720191427        1.9937937517       -1.2820383011
 H         -1.0160811753        1.3901077475       -2.1947461547
 O         -0.2182879329        3.1256600789       -1.6491949197
 C          1.1839875681        3.1040410910        0.3517510435
 H          1.5119538738        3.7315849554        1.1830320060
 N          2.3482280553        2.6591897220       -0.3604977322
 H          2.1306889027        2.1889667586       -1.2273462756
 C          3.4695841503        2.1808161878        0.3236010301
 O          3.3141214465        1.9665527444        1.6841055949
 C          4.3764103477        1.2617173374       -0.4245983841
 H          5.3782893282        1.2994123895        0.0028085206
 H          4.4297173084        1.5679561216       -1.4684819451
 H          4.0383899468        0.2163984889       -0.3809361812
 C          0.3324816643        1.9378808416        0.9247559622
 H          1.0057991211        1.2988744974        1.5056250858
 O         -0.6691835659        2.4118429913        1.8013471727
 H         -1.5366818021        2.2958553222        1.3931587954
 C         -0.2769609011        1.1159148590       -0.2181272702
 H         -1.0193622947        0.4259017199        0.2013833497
 O          0.6876922182        0.3349427228       -0.9164720869
 C         -2.4185716763        2.4200760032       -0.8964904666
 H         -3.0627464827        2.3642434707       -1.7788251017
 H         -2.4008358645        3.4549664832       -0.5448161473
 O         -2.9947275543        1.6806433726        0.1681242583
 C          0.9842725348       -0.8946501368       -0.3534537151
 H          0.0525478945       -1.4273954871       -0.0622534433
 C          2.1648193851       -1.9464112843        1.3908255993
 H          1.2555765233       -2.4820604387        1.7173359421
 O          1.8003651198       -0.7331002171        0.7767984651
 C          1.7190853794       -1.7056821649       -1.4297705557
 H          2.6362445175       -1.1581336562       -1.6978576877
 O          0.9120590028       -1.8960498800       -2.5648227433
 H          0.5172838543       -1.0422535539       -2.7752432349
 C          2.0879592789       -3.0750472684       -0.8577569486
 H          1.1589233778       -3.6187406081       -0.6277526206
 O          2.8755509821       -3.8080819353       -1.7648938212
 H          2.4359091452       -3.7656293984       -2.6229668659
 C          2.9122972960       -2.8869789632        0.4242917570
 H          3.0290638200       -3.8671389942        0.9136508496
 O          4.1810219849       -2.3696833333        0.1043104490
 H          4.4838051958       -2.8511414467       -0.6792352948
 C          3.0080644461       -1.5883077782        2.6266755336
 H          3.3380835809       -2.5246773609        3.0991190772
 H          2.3859773396       -1.0310196331        3.3310582057
 O          4.0974756313       -0.7665821649        2.3312719111
 H          4.5572894276       -1.1500219487        1.5674413661
 C         -3.6407544726        0.4931593991       -0.1801514231
 H         -4.6038852573        0.7170513942       -0.6905519368
 C         -3.4005895853       -1.5151596646       -1.3826971130
 H         -4.3906569612       -1.3385973362       -1.8389871530
 O         -2.8339262767       -0.2645553718       -1.0349934232
 C         -3.9259830118       -0.2405422995        1.1409690286
 H         -2.9664876661       -0.3711671267        1.6653814646
 O         -4.8372901474        0.4692573809        1.9391678184
 H         -4.4913871174        1.3587483969        2.0768368332
 C         -4.5267893749       -1.6193307237        0.8518549075
 H         -5.5225784623       -1.4783752860        0.4037361010
 O         -4.6219083461       -2.3812044285        2.0287556038
 H         -5.0668587519       -1.8375822131        2.6900506447
 C         -3.6184837076       -2.3755706052       -0.1281221297
 H         -4.1198610406       -3.3117051510       -0.4190145515
 O         -2.3816983964       -2.6589950928        0.4737372384
 H         -2.5837351606       -3.0059811951        1.3536299900
 C         -2.4729939541       -2.1879197594       -2.3809077326
 H         -2.9147652828       -3.1203696376       -2.7183770570
 H         -1.5165638300       -2.3935592389       -1.9118744856
 H         -2.3171021433       -1.5347951862       -3.2341586070
 H          3.6274117655        1.0763622892        1.9241944818
  72
 Etot=        -125.0778699731
 C          0.2891191662        3.9245101285       -0.5850858956
 H         -0.5543187578        4.3285306175        0.0144691832
 O          0.9949243915        4.9618717817       -1.1645234894
 H          0.6110869006        5.1325312355       -2.0343550261
 C         -0.9730820018        1.9970457775       -1.2821671730
 H         -1.0164837026        1.3941609509       -2.1955495824
 O         -0.2205175342        3.1299542165       -1.6488466854
 C          1.1857762783        3.1048164074        0.3495431156
 H          1.5163164409        3.7322752902        1.1802500914
 N          2.3475207321        2.6575191635       -0.3649053294
 H          2.1197491243        2.1600691655       -1.2218508801
 C          3.4705505836        2.1853829907        0.3247846169
 O          3.3140061611        1.9754802360        1.6851899581
 C          4.3780114451        1.2640000498       -0.4197814391
 H          5.3758028207        1.2895920644        0.0192715258
 H          4.4472995691        1.5762951387       -1.4608311579
 H          4.0278609325        0.2208847037       -0.3870166510
 C          0.3345422421        1.9395313794        0.9239092890
 H          1.0083008908        1.2985556286        1.5027104478
 O         -0.6653804127        2.4110702629        1.8047604597
 H         -1.5332990311        2.3092573648        1.3904394530
 C         -0.2776837621        1.1190123493       -0.2189752762
 H         -1.0198139070        0.4297450174        0.2023691054
 O          0.6848955095        0.3366721112       -0.9187417003
 C         -2.4199506986        2.4214718302       -0.8963431372
 H         -3.0643000614        2.3649460154       -1.7785517518
 H         -2.4033981507        3.4563019310       -0.5442494196
 O         -2.9942650321        1.6805248588        0.1680987034
 C          0.9793628996       -0.8936014699       -0.3556247607
 H          0.0463263180       -1.4244313352       -0.0648048863
 C          2.1577539109       -1.9456158828        1.3903869550
 H          1.2477427391       -2.4782033767        1.7195812529
 O          1.7950188047       -0.7323649642        0.7748543225
 C          1.7142791838       -1.7056781051       -1.4309664919
 H          2.6337683209       -1.1602986663       -1.6959254818
 O          0.9100055343       -1.8926993924       -2.5685191831
 H          0.5179799324       -1.0365413375       -2.7782886135
 C          2.0780544603       -3.0761520990       -0.8581266868
 H          1.1471696473       -3.6172822637       -0.6288039321
 O          2.8646259300       -3.8117874582       -1.7643379323
 H          2.4263317773       -3.7671387467       -2.6230870591
 C          2.9020083198       -2.8894307932        0.4245890943
 H          3.0152793117       -3.8697420454        0.9147197078
 O          4.1723774440       -2.3761872834        0.1044899871
 H          4.4725956063       -2.8575357035       -0.6801859323
 C          3.0036476563       -1.5857429278        2.6236948564
 H          3.3374167660       -2.5218302512        3.0948211753
 H          2.3825342758       -1.0298991309        3.3298707638
 O          4.0899885996       -0.7606540591        2.3248831335
 H          4.5467079827       -1.1415065764        1.5576865714
 C         -3.6376095636        0.4914652974       -0.1802630254
 H         -4.6015675487        0.7134704875       -0.6901025330
 C         -3.3938553239       -1.5171893562       -1.3828774011
 H         -4.3834472060       -1.3424997686       -1.8410763114
 O         -2.8295583120       -0.2650214223       -1.0353639216
 C         -3.9196102522       -0.2434570530        1.1411859898
 H         -2.9585430289       -0.3742901947        1.6626903874
 O         -4.8289469296        0.4651279735        1.9427857864
 H         -4.4808556404        1.3538038432        2.0827322375
 C         -4.5206959031       -1.6221372288        0.8517774545
 H         -5.5168016961       -1.4812783507        0.4041984922
 O         -4.6150823245       -2.3846972822        2.0284456584
 H         -5.0592941279       -1.8412571347        2.6906340484
 C         -3.6121621708       -2.3779110378       -0.1284885919
 H         -4.1135003184       -3.3140983466       -0.4197326512
 O         -2.3756553890       -2.6617266957        0.4742154174
 H         -2.5787347379       -3.0081350587        1.3542630608
 C         -2.4634508938       -2.1894154480       -2.3790362103
 H         -2.9044505095       -3.1216565341       -2.7180778376
 H         -1.5083650639       -2.3955704701       -1.9073093301
 H         -2.3048551150       -1.5358025051       -3.2313774246
 H          3.6275290096        1.0859874656        1.9286214784
  72
 Etot=        -125.0779590026
 C          0.2896617592        3.9239921418       -0.5845319552
 H         -0.5526825560        4.3304329519        0.0166642473
 O          0.9968357842        4.9595535189       -1.1675232494
 H          0.6157453569        5.1257862901       -2.0355985279
 C         -0.9757968473        1.9981508967       -1.2827338991
 H         -1.0196693543        1.3969605588       -2.1974035276
 O         -0.2228507896        3.1313141717       -1.6485568247
 C          1.1870391405        3.1011178548        0.3474941827
 H          1.5164531676        3.7280903580        1.1799224677
 N          2.3467694518        2.6543697690       -0.3668435973
 H          2.1178204311        2.1481325247       -1.2183397387
 C          3.4653737494        2.1735552869        0.3277109546
 O          3.3136324642        1.9792269652        1.6890529529
 C          4.3829597715        1.2631723269       -0.4159270311
 H          5.3744775691        1.2883643193        0.0318871822
 H          4.4645770287        1.5817387142       -1.4521114237
 H          4.0353122113        0.2205608944       -0.3968264633
 C          0.3337036625        1.9375978608        0.9220936715
 H          1.0062582215        1.2944574525        1.5008045715
 O         -0.6653304621        2.4103140065        1.8043626929
 H         -1.5302165214        2.3072093599        1.3969818510
 C         -0.2815231827        1.1182392879       -0.2208894383
 H         -1.0246236975        0.4304010061        0.2017180531
 O          0.6786649201        0.3339739874       -0.9216036407
 C         -2.4219027167        2.4233664413       -0.8954642624
 H         -3.0666274971        2.3689350552       -1.7774686059
 H         -2.4037910011        3.4574647584       -0.5414899099
 O         -2.9959706856        1.6815010719        0.1681350849
 C          0.9737720400       -0.8955048994       -0.3570034949
 H          0.0407015550       -1.4261150184       -0.0651907980
 C          2.1540086158       -1.9434154396        1.3910858184
 H          1.2449143285       -2.4743432303        1.7250341733
 O          1.7898649756       -0.7319912834        0.7728421495
 C          1.7107625028       -1.7084114918       -1.4308436300
 H          2.6315776098       -1.1632291603       -1.6916126826
 O          0.9112560509       -1.8949543415       -2.5717235271
 H          0.5219405491       -1.0353544029       -2.7839925499
 C          2.0718310213       -3.0789076953       -0.8559278146
 H          1.1405597989       -3.6193348676       -0.6264933293
 O          2.8586279506       -3.8163152949       -1.7610206476
 H          2.4218457583       -3.7698395772       -2.6204476051
 C          2.8960234574       -2.8902394131        0.4266662331
 H          3.0081112724       -3.8697361142        0.9190020236
 O          4.1663583315       -2.3794964287        0.1034645619
 H          4.4620262088       -2.8589008724       -0.6841525176
 C          3.0026779756       -1.5789646423        2.6210406621
 H          3.3374592494       -2.5142872373        3.0939851165
 H          2.3835854344       -1.0212336518        3.3269265146
 O          4.0876182376       -0.7538084848        2.3172292957
 H          4.5346691825       -1.1280520597        1.5412718240
 C         -3.6402668414        0.4932171807       -0.1816171115
 H         -4.6063585633        0.7170902692       -0.6871660849
 C         -3.3931686781       -1.5167017151       -1.3854547600
 H         -4.3835702954       -1.3484664608       -1.8444900577
 O         -2.8345563381       -0.2606498384       -1.0411343095
 C         -3.9163098019       -0.2446246239        1.1402901248
 H         -2.9522615444       -0.3745578445        1.6566213209
 O         -4.8229324287        0.4610926041        1.9474432351
 H         -4.4729063324        1.3489150663        2.0914482126
 C         -4.5161983452       -1.6241078806        0.8514487187
 H         -5.5134193075       -1.4851799922        0.4057469533
 O         -4.6067264261       -2.3873286764        2.0281966740
 H         -5.0499212050       -1.8444081981        2.6919330532
 C         -3.6064897372       -2.3773613610       -0.1300775423
 H         -4.1048855345       -3.3157519979       -0.4199543583
 O         -2.3684626336       -2.6563308385        0.4720502088
 H         -2.5705469744       -3.0021225851        1.3528354387
 C         -2.4582673184       -2.1861210861       -2.3800611848
 H         -2.8952854087       -3.1199695276       -2.7194805009
 H         -1.5037665027       -2.3887346585       -1.9056098801
 H         -2.2997347362       -1.5320397633       -3.2318184677
 H          3.6262759804        1.0899936825        1.9379677120
  72
 Etot=        -125.0780221748
 C          0.2895194544        3.9243863341       -0.5831383106
 H         -0.5516727150        4.3319715672        0.0194108652
 O          0.9960179647        4.9603321450       -1.1678421731
 H          0.6228439681        5.1131648988       -2.0422892866
 C         -0.9786327800        2.0003676812       -1.2826671825
 H         -1.0225947759        1.4003682934       -2.1982297543
 O         -0.2253467559        3.1336668370       -1.6475997725
 C          1.1882740911        3.0991209676        0.3463800724
 H          1.5186975324        3.7255719532        1.1791876274
 N          2.3464500501        2.6538807773       -0.3699094586
 H          2.1151276299        2.1356298710       -1.2113614780
 C          3.4626787831        2.1704680611        0.3302187902
 O          3.3110164081        1.9835044943        1.6915698030
 C          4.3868098889        1.2642140715       -0.4111918539
 H          5.3733608178        1.2779868194        0.0512780340
 H          4.4846852786        1.5946185274       -1.4420314132
 H          4.0321302311        0.2229904529       -0.4096497186
 C          0.3349282298        1.9355465804        0.9212954500
 H          1.0073815568        1.2889426209        1.4966423901
 O         -0.6601335787        2.4060135119        1.8105191056
 H         -1.5287719418        2.3250026305        1.3906441271
 C         -0.2846718304        1.1190962029       -0.2221445691
 H         -1.0283487258        0.4326026983        0.2016785749
 O          0.6728167316        0.3328670813       -0.9243618832
 C         -2.4245318003        2.4252973995       -0.8947725563
 H         -3.0694594419        2.3718745930       -1.7766330052
 H         -2.4060716585        3.4589883575       -0.5396024142
 O         -2.9979460084        1.6821637213        0.1679239431
 C          0.9678939437       -0.8960815722       -0.3587199991
 H          0.0349104530       -1.4262442736       -0.0657712084
 C          2.1484799381       -1.9415331947        1.3913099141
 H          1.2394850621       -2.4701462024        1.7289612041
 O          1.7848406367       -0.7312684009        0.7703180989
 C          1.7058327081       -1.7104674230       -1.4310212534
 H          2.6288545010       -1.1672801224       -1.6883935864
 O          0.9101864851       -1.8958654090       -2.5743393140
 H          0.5279843617       -1.0354491130       -2.7925398905
 C          2.0627786606       -3.0812329165       -0.8539853693
 H          1.1304607064       -3.6195061454       -0.6240584226
 O          2.8484961727       -3.8217307857       -1.7578412183
 H          2.4134645069       -3.7732342806       -2.6179325227
 C          2.8878669692       -2.8915134351        0.4281530013
 H          2.9988399185       -3.8702660393        0.9222782692
 O          4.1583401910       -2.3832663559        0.1022763497
 H          4.4509596218       -2.8622288871       -0.6865313359
 C          3.0000475151       -1.5739314121        2.6183937449
 H          3.3368631570       -2.5080928372        3.0925198473
 H          2.3827939799       -1.0150638596        3.3248331154
 O          4.0834197678       -0.7487673171        2.3095200089
 H          4.5226644252       -1.1184488779        1.5274839734
 C         -3.6416378178        0.4934326718       -0.1823894662
 H         -4.6098203307        0.7176984288       -0.6841948611
 C         -3.3902141313       -1.5172345196       -1.3872228813
 H         -4.3813793602       -1.3549043505       -1.8466907992
 O         -2.8373606164       -0.2575598075       -1.0457118574
 C         -3.9112974846       -0.2469851737        1.1399043666
 H         -2.9443715256       -0.3760277886        1.6511728296
 O         -4.8150815624        0.4558271880        1.9524926958
 H         -4.4642276126        1.3428346766        2.0995538892
 C         -4.5097075644       -1.6271935882        0.8516655688
 H         -5.5077534081       -1.4901186511        0.4074169853
 O         -4.5969390912       -2.3909774450        2.0283690320
 H         -5.0392428247       -1.8486417994        2.6933239613
 C         -3.5989006870       -2.3778174186       -0.1310366822
 H         -4.0943477468       -3.3181434235       -0.4199932406
 O         -2.3594342854       -2.6525183605        0.4703059076
 H         -2.5605100951       -2.9984777302        1.3513856948
 C         -2.4514609617       -2.1838627796       -2.3805875951
 H         -2.8850709763       -3.1189857697       -2.7207147103
 H         -1.4974912435       -2.3836802747       -1.9040450837
 H         -2.2929736044       -1.5292345599       -3.2317332212
 H          3.6239351566        1.0949461646        1.9432650948
  72
 Etot=        -125.0780660211
 C          0.2885671788        3.9262326165       -0.5834906027
 H         -0.5520483027        4.3335504890        0.0192413686
 O          0.9931069067        4.9642822092       -1.1673724142
 H          0.6330270958        5.0966256953       -2.0563969275
 C         -0.9801929384        2.0023717501       -1.2820270939
 H         -1.0245459262        1.4022804272       -2.1974767060
 O         -0.2266913455        3.1355924322       -1.6476376216
 C          1.1889307122        3.1007675739        0.3443580061
 H          1.5220873753        3.7277838242        1.1755853831
 N          2.3459206501        2.6550815625       -0.3745206867
 H          2.1098146868        2.1175401844       -1.2046232118
 C          3.4615764584        2.1760820251        0.3323251566
 O          3.3058299226        1.9876717151        1.6924451319
 C          4.3880086171        1.2673237308       -0.4057265007
 H          5.3699220703        1.2655603313        0.0725831121
 H          4.5022304696        1.6103106990       -1.4318411859
 H          4.0215033545        0.2288647661       -0.4198556742
 C          0.3364662479        1.9374721520        0.9203346498
 H          1.0092864070        1.2912045521        1.4948934586
 O         -0.6569639847        2.4058907226        1.8113678645
 H         -1.5238606482        2.3328666780        1.3935886361
 C         -0.2857089946        1.1209578101       -0.2221573571
 H         -1.0293678501        0.4356720057        0.2032019936
 O          0.6697159245        0.3333619724       -0.9257486730
 C         -2.4259411491        2.4266049428       -0.8932229869
 H         -3.0716195348        2.3729195967       -1.7745335819
 H         -2.4082021274        3.4604832166       -0.5382633915
 O         -2.9974833551        1.6821905660        0.1694673122
 C          0.9634716441       -0.8958288977       -0.3605116388
 H          0.0304956319       -1.4251522653       -0.0664699524
 C          2.1424767367       -1.9410240192        1.3912318906
 H          1.2324799462       -2.4667314072        1.7306272582
 O          1.7817393036       -0.7310524356        0.7677902728
 C          1.7012201899       -1.7118494161       -1.4317623248
 H          2.6267156498       -1.1714095251       -1.6862176171
 O          0.9092573515       -1.8954464144       -2.5774292519
 H          0.5299154413       -1.0355262262       -2.7985422134
 C          2.0530819961       -3.0830966663       -0.8527344479
 H          1.1190079267       -3.6178811191       -0.6219653439
 O          2.8364729840       -3.8277986837       -1.7551971248
 H          2.4033789533       -3.7775390137       -2.6159699918
 C          2.8793188338       -2.8934343468        0.4288606462
 H          2.9898725105       -3.8718648686        0.9235564591
 O          4.1498844172       -2.3863689248        0.1013622552
 H          4.4422758962       -2.8664889788       -0.6865289719
 C          2.9960742623       -1.5719772984        2.6164856041
 H          3.3352651510       -2.5049530846        3.0910715416
 H          2.3798409833       -1.0128727003        3.3238845718
 O          4.0781554439       -0.7465201086        2.3037712733
 H          4.5128792258       -1.1146136947        1.5191755673
 C         -3.6408571232        0.4930490131       -0.1816338075
 H         -4.6104203850        0.7179170528       -0.6806349531
 C         -3.3859552695       -1.5175136769       -1.3883153383
 H         -4.3778959908       -1.3593958834       -1.8473296564
 O         -2.8376554154       -0.2551990193       -1.0483987917
 C         -3.9054376582       -0.2498437471        1.1402224218
 H         -2.9362865930       -0.3782717192        1.6474019947
 O         -4.8069699505        0.4500498054        1.9573332601
 H         -4.4573768194        1.3367443756        2.1055651845
 C         -4.5022901721       -1.6304687783        0.8518256190
 H         -5.5007271252       -1.4948002189        0.4082285045
 O         -4.5874300284       -2.3950157424        2.0281089690
 H         -5.0289972776       -1.8533477742        2.6939923759
 C         -3.5905798022       -2.3784601368       -0.1319001174
 H         -4.0834778659       -3.3201977532       -0.4205716739
 O         -2.3497505780       -2.6499857874        0.4683849670
 H         -2.5498295207       -2.9974320983        1.3491184029
 C         -2.4451473906       -2.1814146981       -2.3816676899
 H         -2.8766521406       -3.1172775115       -2.7226306179
 H         -1.4911516854       -2.3797096271       -1.9047287550
 H         -2.2874058772       -1.5260087798       -3.2322895144
 H          3.6203787805        1.0998625322        1.9437062848
  72
 Etot=        -125.0781084398
 C          0.2876722486        3.9240201710       -0.5848968459
 H         -0.5529680163        4.3310382012        0.0167694449
 O          0.9921353930        4.9627948230       -1.1673591949
 H          0.6352434896        5.0946935424       -2.0569724408
 C         -0.9811244683        2.0002333364       -1.2816289942
 H         -1.0269505455        1.3992163851       -2.1963081685
 O         -0.2264988213        3.1323005249       -1.6488098363
 C          1.1879291127        3.0996168532        0.3436190448
 H          1.5207828868        3.7275375518        1.1740730817
 N          2.3460147171        2.6556303622       -0.3753463708
 H          2.1131655026        2.1221090430       -1.2063917286
 C          3.4600654501        2.1754902263        0.3332405228
 O          3.3021028050        1.9834857252        1.6923980872
 C          4.3884065634        1.2687766984       -0.4054406119
 H          5.3679193695        1.2731501023        0.0705818727
 H          4.4992073117        1.6113079391       -1.4304902836
 H          4.0289129213        0.2310530868       -0.4186090674
 C          0.3364104821        1.9359066335        0.9202098594
 H          1.0098051156        1.2903783498        1.4943291743
 O         -0.6557965834        2.4044118060        1.8114817878
 H         -1.5231382942        2.3319107368        1.3956287931
 C         -0.2860974074        1.1190075953       -0.2217713477
 H         -1.0297314554        0.4338919033        0.2036563330
 O          0.6695520207        0.3315928873       -0.9252911564
 C         -2.4260599627        2.4263525377       -0.8920247267
 H         -3.0721864301        2.3733742492       -1.7730432658
 H         -2.4071958943        3.4603585980       -0.5374368799
 O         -2.9980216115        1.6825318107        0.1707462092
 C          0.9645963158       -0.8968414107       -0.3598930401
 H          0.0328249884       -1.4270744761       -0.0640563552
 C          2.1443629167       -1.9409532211        1.3919787004
 H          1.2340022104       -2.4666992543        1.7302090815
 O          1.7845736382       -0.7312612999        0.7675710866
 C          1.7021536934       -1.7137135961       -1.4308526974
 H          2.6277597930       -1.1736026786       -1.6852867037
 O          0.9111449203       -1.8987124020       -2.5766222172
 H          0.5313541532       -1.0408608075       -2.8001686601
 C          2.0541378847       -3.0843042221       -0.8504150216
 H          1.1201462715       -3.6182101807       -0.6177323720
 O          2.8361181475       -3.8307891096       -1.7523933892
 H          2.4036690971       -3.7803649266       -2.6133754217
 C          2.8819593909       -2.8927504418        0.4298179343
 H          2.9957309823       -3.8707271967        0.9244692980
 O          4.1509209931       -2.3826769078        0.1003264942
 H          4.4448390410       -2.8636566147       -0.6864028170
 C          2.9969335060       -1.5725550158        2.6181422351
 H          3.3328099289       -2.5055713850        3.0946134502
 H          2.3807621583       -1.0110803133        3.3239964005
 O          4.0820764109       -0.7510127731        2.3064116089
 H          4.5140237456       -1.1189257630        1.5204776865
 C         -3.6442552208        0.4948001686       -0.1810817157
 H         -4.6146176947        0.7225483168       -0.6772663566
 C         -3.3897431483       -1.5153750629       -1.3896271387
 H         -4.3832291517       -1.3600217063       -1.8460114977
 O         -2.8437182683       -0.2517375857       -1.0515128626
 C         -3.9065230744       -0.2494670413        1.1401483172
 H         -2.9365131756       -0.3767262254        1.6459199626
 O         -4.8076889049        0.4484866349        1.9588637873
 H         -4.4626510407        1.3374151624        2.1027605892
 C         -4.5013782441       -1.6308122942        0.8519464241
 H         -5.5001205328       -1.4967458888        0.4086467611
 O         -4.5847487211       -2.3955457479        2.0280603313
 H         -5.0260518478       -1.8542987579        2.6942934970
 C         -3.5889099943       -2.3764673467       -0.1326071758
 H         -4.0789617721       -3.3199838176       -0.4200187087
 O         -2.3460146509       -2.6434272095        0.4655729703
 H         -2.5434968362       -2.9926554173        1.3461221811
 C         -2.4498280278       -2.1767370740       -2.3853967956
 H         -2.8797422627       -3.1137776548       -2.7252882577
 H         -1.4940831857       -2.3725207984       -1.9110610895
 H         -2.2963379355       -1.5209046113       -3.2365051821
 H          3.6168901153        1.0955222527        1.9410863746
  72
 Etot=        -125.0781559837
 C          0.2863802539        3.9225750307       -0.5879014754
 H         -0.5532452675        4.3305948757        0.0136309748
 O          0.9915351157        4.9615490492       -1.1695698729
 H          0.6457655039        5.0882062837       -2.0616534517
 C         -0.9838391212        1.9995016105       -1.2819256019
 H         -1.0315499338        1.3974200110       -2.1957057329
 O         -0.2284915947        3.1305200269       -1.6510063893
 C          1.1859031626        3.0986670255        0.3416847286
 H          1.5191842272        3.7277754011        1.1705553942
 N          2.3460244837        2.6546273549       -0.3765621178
 H          2.1131642079        2.1159183166       -1.2025952518
 C          3.4558121426        2.1726190704        0.3357873570
 O          3.2945312592        1.9775940352        1.6948013099
 C          4.3902280145        1.2717379274       -0.4022220864
 H          5.3639658382        1.2702612766        0.0849181388
 H          4.5113715826        1.6262863238       -1.4231615829
 H          4.0282326592        0.2348091350       -0.4309811341
 C          0.3350709847        1.9349353149        0.9192071476
 H          1.0095017887        1.2902456032        1.4925770610
 O         -0.6558039291        2.4019238848        1.8116359474
 H         -1.5230855668        2.3377974828        1.3945414726
 C         -0.2881106778        1.1179890303       -0.2222125460
 H         -1.0319117667        0.4335042165        0.2035290355
 O          0.6669417834        0.3300352908       -0.9262389940
 C         -2.4280483158        2.4274043019       -0.8911003613
 H         -3.0746639381        2.3751804675       -1.7718135328
 H         -2.4079772013        3.4615343134       -0.5368836246
 O         -3.0004413556        1.6844152941        0.1719421691
 C          0.9624558420       -0.8976968438       -0.3604943444
 H          0.0316196312       -1.4284165635       -0.0632064518
 C          2.1426188567       -1.9396685521        1.3926314439
 H          1.2321428966       -2.4650220843        1.7310828280
 O          1.7837521757       -0.7310283035        0.7663558518
 C          1.7000893072       -1.7164276507       -1.4303459019
 H          2.6264480247       -1.1776556323       -1.6845887521
 O          0.9109044115       -1.9033980782       -2.5768225390
 H          0.5329419926       -1.0465331418       -2.8059069051
 C          2.0502008057       -3.0863217789       -0.8470881352
 H          1.1153012515       -3.6171902820       -0.6115225618
 O          2.8290315947       -3.8370750360       -1.7478756183
 H          2.3967687640       -3.7868425785       -2.6089658434
 C          2.8799647024       -2.8926967884        0.4314247935
 H          2.9955592464       -3.8699304341        0.9270508031
 O          4.1480942433       -2.3817019681        0.0993024129
 H          4.4438807260       -2.8667829433       -0.6844532045
 C          2.9958174328       -1.5703087405        2.6183750894
 H          3.3302894913       -2.5029426438        3.0965837220
 H          2.3799957454       -1.0070802887        3.3234515482
 O          4.0824466266       -0.7512306136        2.3049909752
 H          4.5103923536       -1.1197277981        1.5169627699
 C         -3.6468700993        0.4963029030       -0.1795227654
 H         -4.6193925744        0.7238006243       -0.6717037939
 C         -3.3898385771       -1.5123621188       -1.3908219641
 H         -4.3856852832       -1.3615926882       -1.8435177416
 O         -2.8481909980       -0.2467701204       -1.0544962214
 C         -3.9034360611       -0.2503589264        1.1412041164
 H         -2.9317054634       -0.3749714509        1.6443533114
 O         -4.8046821175        0.4432655974        1.9630341727
 H         -4.4644532550        1.3348262040        2.1048163560
 C         -4.4942376206       -1.6333856445        0.8531051758
 H         -5.4938553830       -1.5022792867        0.4108686391
 O         -4.5738424406       -2.3988294308        2.0287977665
 H         -5.0146232584       -1.8583643206        2.6958820343
 C         -3.5808452832       -2.3748283021       -0.1334784080
 H         -4.0669254228       -3.3206376359       -0.4198118591
 O         -2.3349059103       -2.6357501792        0.4611133306
 H         -2.5281206704       -2.9876023858        1.3415192861
 C         -2.4506140310       -2.1690406705       -2.3902057425
 H         -2.8778474900       -3.1074893089       -2.7297446563
 H         -1.4925125372       -2.3615150122       -1.9193091207
 H         -2.3028508883       -1.5117186656       -3.2413113696
 H          3.6130074152        1.0907475872        1.9417834804
